
> ecell-mnit-website@0.1.0 build
> next build

Γû▓ Next.js 16.1.6 (Turbopack)
- Environments: .env.local

  Creating an optimized production build ...
node.exe : 
At line:1 char:1
+ & "C:\Program Files\nodejs/node.exe" 
"C:\Users\VED\AppData\Roaming\np ...
+ ~~~~~~~~~~~~~~~~~~~~~~~~~~~~~~~~~~~~~~~~~~~~~~
~~~~~~~~~~~~~~~~~~~~~~~
    + CategoryInfo          : NotSpecified: (:S 
   tring) [], RemoteException
    + FullyQualifiedErrorId : NativeCommandErro 
   r
 
> Build error occurred
Error: Turbopack build failed with 3 errors:
./app/esummit/passes/page.tsx:7:1
Module not found: Can't resolve 
'@/components/SiteNavBar'
[0m [90m  5 |[39m [36mimport[39m { 
createClient } [36mfrom[39m 
[32m'@/lib/supabase/client'[39m[33m;[39m
 [90m  6 |[39m [36mimport[39m toast 
[36mfrom[39m 
[32m'react-hot-toast'[39m[33m;[39m
[31m[1m>[22m[39m[90m  7 |[39m 
[36mimport[39m [33mSiteNavBar[39m 
[36mfrom[39m 
[32m'@/components/SiteNavBar'[39m[33m;[39m
 [90m    |[39m [31m[1m^[22m[39m[31m[1m^
[22m[39m[31m[1m^[22m[39m[31m[1m^[22m[39
m[31m[1m^[22m[39m[31m[1m^[22m[39m[31m[
1m^[22m[39m[31m[1m^[22m[39m[31m[1m^[22m
[39m[31m[1m^[22m[39m[31m[1m^[22m[39m[3
1m[1m^[22m[39m[31m[1m^[22m[39m[31m[1m^
[22m[39m[31m[1m^[22m[39m[31m[1m^[22m[39
m[31m[1m^[22m[39m[31m[1m^[22m[39m[31m[
1m^[22m[39m[31m[1m^[22m[39m[31m[1m^[22m
[39m[31m[1m^[22m[39m[31m[1m^[22m[39m[3
1m[1m^[22m[39m[31m[1m^[22m[39m[31m[1m^
[22m[39m[31m[1m^[22m[39m[31m[1m^[22m[39
m[31m[1m^[22m[39m[31m[1m^[22m[39m[31m[
1m^[22m[39m[31m[1m^[22m[39m[31m[1m^[22m
[39m[31m[1m^[22m[39m[31m[1m^[22m[39m[3
1m[1m^[22m[39m[31m[1m^[22m[39m[31m[1m^
[22m[39m[31m[1m^[22m[39m[31m[1m^[22m[39
m[31m[1m^[22m[39m[31m[1m^[22m[39m[31m[
1m^[22m[39m[31m[1m^[22m[39m[31m[1m^[22m
[39m[31m[1m^[22m[39m[31m[1m^[22m[39m[3
1m[1m^[22m[39m[31m[1m^[22m[39m
 [90m  8 |[39m [36mimport[39m 
[33mFooter[39m [36mfrom[39m 
[32m'@/components/Footer'[39m[33m;[39m
 [90m  9 |[39m
 [90m 10 |[39m [36mexport[39m 
[36mdefault[39m [36mfunction[39m 
[33mPassesPage[39m() {[0m

Import map: aliased to relative 
'./components/SiteNavBar' inside of [project]/


Import traces:
  Client Component Browser:
    ./app/esummit/passes/page.tsx [Client 
Component Browser]
    ./app/esummit/passes/page.tsx [Server 
Component]

  Client Component SSR:
    ./app/esummit/passes/page.tsx [Client 
Component SSR]
    ./app/esummit/passes/page.tsx [Server 
Component]

https://nextjs.org/docs/messages/module-not-foun
d


./app/esummit/campus-ambassador/page.tsx:8:1
Module not found: Can't resolve 
'@/components/esummit/SiteNavBar'
[0m [90m  6 |[39m [36mimport[39m toast 
[36mfrom[39m 
[32m'react-hot-toast'[39m[33m;[39m
 [90m  7 |[39m [36mimport[39m { 
[33mFiUser[39m[33m,[39m 
[33mFiMapPin[39m[33m,[39m 
[33mFiGift[39m[33m,[39m 
[33mFiAward[39m[33m,[39m 
[33mFiShare2[39m[33m,[39m [33mFiCheck[39m 
} [36mfrom[39m 
[32m'react-icons/fi'[39m[33m;[39m
[31m[1m>[22m[39m[90m  8 |[39m 
[36mimport[39m [33mSiteNavBar[39m 
[36mfrom[39m [32m'@/components/esummit/SiteNa
vBar'[39m[33m;[39m
 [90m    |[39m [31m[1m^[22m[39m[31m[1m^
[22m[39m[31m[1m^[22m[39m[31m[1m^[22m[39
m[31m[1m^[22m[39m[31m[1m^[22m[39m[31m[
1m^[22m[39m[31m[1m^[22m[39m[31m[1m^[22m
[39m[31m[1m^[22m[39m[31m[1m^[22m[39m[3
1m[1m^[22m[39m[31m[1m^[22m[39m[31m[1m^
[22m[39m[31m[1m^[22m[39m[31m[1m^[22m[39
m[31m[1m^[22m[39m[31m[1m^[22m[39m[31m[
1m^[22m[39m[31m[1m^[22m[39m[31m[1m^[22m
[39m[31m[1m^[22m[39m[31m[1m^[22m[39m[3
1m[1m^[22m[39m[31m[1m^[22m[39m[31m[1m^
[22m[39m[31m[1m^[22m[39m[31m[1m^[22m[39
m[31m[1m^[22m[39m[31m[1m^[22m[39m[31m[
1m^[22m[39m[31m[1m^[22m[39m[31m[1m^[22m
[39m[31m[1m^[22m[39m[31m[1m^[22m[39m[3
1m[1m^[22m[39m[31m[1m^[22m[39m[31m[1m^
[22m[39m[31m[1m^[22m[39m[31m[1m^[22m[39
m[31m[1m^[22m[39m[31m[1m^[22m[39m[31m[
1m^[22m[39m[31m[1m^[22m[39m[31m[1m^[22m
[39m[31m[1m^[22m[39m[31m[1m^[22m[39m[3
1m[1m^[22m[39m[31m[1m^[22m[39m[31m[1m^
[22m[39m[31m[1m^[22m[39m[31m[1m^[22m[39
m[31m[1m^[22m[39m[31m[1m^[22m[39m[31m[
1m^[22m[39m[31m[1m^[22m[39m[31m[1m^[22m
[39m
 [90m  9 |[39m [36mimport[39m 
[33mFooter[39m [36mfrom[39m 
[32m'@/components/Footer'[39m[33m;[39m
 [90m 10 |[39m
 [90m 11 |[39m [36mexport[39m 
[36mdefault[39m [36mfunction[39m 
[33mCampusAmbassadorPage[39m() {[0m

Import map: aliased to relative 
'./components/esummit/SiteNavBar' inside of 
[project]/


Import traces:
  Client Component Browser:
    ./app/esummit/campus-ambassador/page.tsx 
[Client Component Browser]
    ./app/esummit/campus-ambassador/page.tsx 
[Server Component]

  Client Component SSR:
    ./app/esummit/campus-ambassador/page.tsx 
[Client Component SSR]
    ./app/esummit/campus-ambassador/page.tsx 
[Server Component]

https://nextjs.org/docs/messages/module-not-foun
d


./app/api/razorpay/order/route.ts:2:1
Module not found: Can't resolve 'razorpay'
[0m [90m 1 |[39m [36mimport[39m { 
[33mNextResponse[39m } [36mfrom[39m 
[32m'next/server'[39m[33m;[39m
[31m[1m>[22m[39m[90m 2 |[39m 
[36mimport[39m [33mRazorpay[39m 
[36mfrom[39m [32m'razorpay'[39m[33m;[39m
 [90m   |[39m [31m[1m^[22m[39m[31m[1m^[
22m[39m[31m[1m^[22m[39m[31m[1m^[22m[39m
[31m[1m^[22m[39m[31m[1m^[22m[39m[31m[1
m^[22m[39m[31m[1m^[22m[39m[31m[1m^[22m
[39m[31m[1m^[22m[39m[31m[1m^[22m[39m[31
m[1m^[22m[39m[31m[1m^[22m[39m[31m[1m^[
22m[39m[31m[1m^[22m[39m[31m[1m^[22m[39m
[31m[1m^[22m[39m[31m[1m^[22m[39m[31m[1
m^[22m[39m[31m[1m^[22m[39m[31m[1m^[22m
[39m[31m[1m^[22m[39m[31m[1m^[22m[39m[31
m[1m^[22m[39m[31m[1m^[22m[39m[31m[1m^[
22m[39m[31m[1m^[22m[39m[31m[1m^[22m[39m
[31m[1m^[22m[39m[31m[1m^[22m[39m[31m[1
m^[22m[39m[31m[1m^[22m[39m
 [90m 3 |[39m [36mimport[39m { 
createServerClient } [36mfrom[39m 
[32m'@/lib/supabase/server'[39m[33m;[39m
 [90m 4 |[39m
 [90m 5 |[39m [36mconst[39m razorpay 
[33m=[39m [36mnew[39m 
[33mRazorpay[39m({[0m



https://nextjs.org/docs/messages/module-not-foun
d


    at <unknown> 
(./app/esummit/passes/page.tsx:7:1)
    at <unknown> (https://nextjs.org/docs/messag
es/module-not-found)
    at <unknown> 
(./app/esummit/campus-ambassador/page.tsx:8:1)
    at <unknown> (https://nextjs.org/docs/messag
es/module-not-found)
    at <unknown> 
(./app/api/razorpay/order/route.ts:2:1)
    at <unknown> (https://nextjs.org/docs/messag
es/module-not-found)
