
> ecell-mnit-website@0.1.0 build
> next build

Γû▓ Next.js 16.1.6 (Turbopack)
- Environments: .env.local

  Creating an optimized production build ...
Γ£ô Compiled successfully in 8.7s
  Running TypeScript ...
  Collecting page data using 11 workers ...
  Generating static pages using 11 workers (0/60) ...
  Generating static pages using 11 workers (15/60) 
  Generating static pages using 11 workers (30/60) 
  Generating static pages using 11 workers (45/60) 
Γ£ô Generating static pages using 11 workers (60/60) in 470.5ms
  Finalizing page optimization ...

Route (app)
Γöî ╞Æ /
Γö£ ╞Æ /_not-found
Γö£ ╞Æ /about
Γö£ ╞Æ /admin/dashboard
Γö£ ╞Æ /admin/events
Γö£ ╞Æ /admin/events/[id]
Γö£ ╞Æ /admin/events/new
Γö£ ╞Æ /admin/gallery
Γö£ ╞Æ /admin/impact
Γö£ ╞Æ /admin/login
Γö£ ╞Æ /admin/queries
Γö£ ╞Æ /admin/registrations
Γö£ ╞Æ /admin/settings
Γö£ ╞Æ /admin/startups
Γö£ ╞Æ /admin/startups/[id]
Γö£ ╞Æ /admin/startups/new
Γö£ ╞Æ /admin/team
Γö£ ╞Æ /admin/team/[id]
Γö£ ╞Æ /admin/team/new
Γö£ ╞Æ /admin/verify
Γö£ ╞Æ /auth/auth-code-error
Γö£ ╞Æ /auth/callback
Γö£ ╞Æ /auth/confirmed
Γö£ ╞Æ /auth/signout
Γö£ ╞Æ /contact
Γö£ ╞Æ /esummit
Γö£ ╞Æ /esummit/admin
Γö£ ╞Æ /esummit/admin/attendance
Γö£ ╞Æ /esummit/admin/dashboard
Γö£ ╞Æ /esummit/admin/events
Γö£ ╞Æ /esummit/admin/events/[id]/edit
Γö£ ╞Æ /esummit/admin/events/new
Γö£ ╞Æ /esummit/admin/gallery
Γö£ ╞Æ /esummit/admin/landing
Γö£ ╞Æ /esummit/admin/login
Γö£ ╞Æ /esummit/admin/participants
Γö£ ╞Æ /esummit/admin/queries
Γö£ ╞Æ /esummit/admin/registrations
Γö£ ╞Æ /esummit/admin/settings
Γö£ ╞Æ /esummit/admin/speakers
Γö£ ╞Æ /esummit/admin/sponsors
Γö£ ╞Æ /esummit/admin/verify
Γö£ ╞Æ /esummit/contact
Γö£ ╞Æ /esummit/events
Γö£ ╞Æ /esummit/events/[id]
Γö£ ╞Æ /esummit/gallery
Γö£ Γùï /esummit/icon.png
Γö£ ╞Æ /esummit/login
Γö£ ╞Æ /esummit/profile
Γö£ ╞Æ /esummit/scan
Γö£ ╞Æ /esummit/signup
Γö£ ╞Æ /esummit/sitemap.xml
Γö£ ╞Æ /esummit/unauthorized
Γö£ ╞Æ /esummit/verify-email
Γö£ ╞Æ /esummit/vision
Γö£ ╞Æ /events
Γö£ ╞Æ /events/[id]
Γö£ ╞Æ /gallery
Γö£ ╞Æ /login
Γö£ ╞Æ /profile
Γö£ Γùï /robots.txt
Γö£ ╞Æ /signup
Γö£ ╞Æ /sitemap.xml
Γö£ ╞Æ /startups
Γö£ ╞Æ /startups/[id]
Γö£ ╞Æ /unauthorized
Γöö ╞Æ /verify-email


╞Æ Proxy (Middleware)

Γùï  (Static)   prerendered as static content
╞Æ  (Dynamic)  server-rendered on demand

